2023/10/01 11:07:38 This is a test log message
